// Jest Snapshot v1, https://goo.gl/fbAQLP

exports[`FatalErrorModal does render if there is a fatal error and the modal hasn't been closed 1`] = `
<div
  className="ReactModal__Overlay ReactModal__Overlay--after-open"
  onClick={[Function]}
  onMouseDown={[Function]}
  style={
    Object {
      "backgroundColor": "rgba(255, 255, 255, 0.75)",
      "bottom": 0,
      "left": 0,
      "position": "fixed",
      "right": 0,
      "top": 0,
    }
  }
>
  <div
    aria-modal={true}
    className="ReactModal__Content ReactModal__Content--after-open FatalErrorModal"
    onClick={[Function]}
    onKeyDown={[Function]}
    onMouseDown={[Function]}
    onMouseUp={[Function]}
    role="dialog"
    style={Object {}}
    tabIndex="-1"
  >
    <h2
      className="FatalErrorModal-title"
    >
      Fatal Error
    </h2>
    <div
      className="FatalErrorModal-pane"
    >
      <p>
        Tilt has encountered a fatal error: 
        i'm an error
      </p>
      <p>
        Once you fix this issue you'll need to restart Tilt. In the meantime feel free to browse through the UI.
      </p>
    </div>
  </div>
</div>
`;

exports[`FatalErrorModal doesn't render if there is a fatal error and the modal has been closed 1`] = `null`;

exports[`FatalErrorModal doesn't render if there's no fatal error and the modal hasn't been closed 1`] = `null`;
