// Jest Snapshot v1, https://goo.gl/fbAQLP

exports[`ShareSnapshotModal renders team link 1`] = `
<div
  className="ReactModal__Overlay ReactModal__Overlay--after-open"
  onClick={[Function]}
  onMouseDown={[Function]}
  style={
    Object {
      "backgroundColor": "rgba(255, 255, 255, 0.75)",
      "bottom": 0,
      "left": 0,
      "position": "fixed",
      "right": 0,
      "top": 0,
    }
  }
>
  <div
    className="ReactModal__Content ReactModal__Content--after-open ShareSnapshotModal"
    onClick={[Function]}
    onKeyDown={[Function]}
    onMouseDown={[Function]}
    onMouseUp={[Function]}
    role="dialog"
    style={Object {}}
    tabIndex="-1"
  >
    <h2
      className="ShareSnapshotModal-title"
    >
      Share a Shapshot
    </h2>
    <section
      className="ShareSnapshotModal-pane u-flexColumn"
    >
      <p
        className="ShareSnapshotModal-description"
      >
        Get a link to a
         
        private team 
         snapshot — a browsable, sharable view of the current state of your Tilt session.
      </p>
      <section
        className="ShareSnapshotModal-shareLinkWrap"
      >
        <div
          className="ShareSnapshotModal-shareLink"
        >
          <div
            className="ShareSnapshotModal-shareLink-urlBox"
          >
            <p
              className="ShareSnapshotModal-shareLink-url"
            >
              http://test.com
            </p>
          </div>
          <a
            className="ShareSnapshotModal-button ShareSnapshotModal-button--inline"
            href="http://test.com"
            rel="noopener noreferrer"
            target="_blank"
          >
            Open
          </a>
        </div>
        <section
          className="ShareSnapshotModal-shareLinkInfo"
        >
          <p
            className="ShareSnapshotModal-loginState"
          >
            Sharing as 
            <strong>
              Hello
            </strong>
          </p>
        </section>
      </section>
    </section>
    <section
      className="ShareSnapshotModal-manageSnapshots"
    >
      <p>
        Manage your snapshots on
         
        <a
          className="ShareSnapshotModal-tiltCloudLink"
          href="https://cloud.tilt.dev/snapshots"
          rel="noopener noreferrer"
          target="_blank"
        >
          <span>
            Tilt Cloud
          </span>
          <svg>
            arrow.svg
          </svg>
        </a>
      </p>
      <p>
        View snapshots from your
         
        <a
          className="ShareSnapshotModal-tiltCloudLink"
          href="https://cloud.tilt.dev/team/abcdefg/snapshots"
          rel="noopener noreferrer"
          target="_blank"
        >
          <span>
            team
          </span>
          <svg>
            arrow.svg
          </svg>
        </a>
      </p>
    </section>
  </div>
</div>
`;

exports[`ShareSnapshotModal renders with modal closed 1`] = `null`;

exports[`ShareSnapshotModal renders with modal open w/ known username 1`] = `
<div
  className="ReactModal__Overlay ReactModal__Overlay--after-open"
  onClick={[Function]}
  onMouseDown={[Function]}
  style={
    Object {
      "backgroundColor": "rgba(255, 255, 255, 0.75)",
      "bottom": 0,
      "left": 0,
      "position": "fixed",
      "right": 0,
      "top": 0,
    }
  }
>
  <div
    className="ReactModal__Content ReactModal__Content--after-open ShareSnapshotModal"
    onClick={[Function]}
    onKeyDown={[Function]}
    onMouseDown={[Function]}
    onMouseUp={[Function]}
    role="dialog"
    style={Object {}}
    tabIndex="-1"
  >
    <h2
      className="ShareSnapshotModal-title"
    >
      Share a Shapshot
    </h2>
    <section
      className="ShareSnapshotModal-pane u-flexColumn"
    >
      <p
        className="ShareSnapshotModal-description"
      >
        Get a link to a
         
         snapshot — a browsable, sharable view of the current state of your Tilt session.
      </p>
      <section
        className="ShareSnapshotModal-shareLinkWrap"
      >
        <div
          className="ShareSnapshotModal-shareLink"
        >
          <div
            className="ShareSnapshotModal-shareLink-urlBox"
          >
            <p
              className="ShareSnapshotModal-shareLink-url"
            >
              http://test.com
            </p>
          </div>
          <a
            className="ShareSnapshotModal-button ShareSnapshotModal-button--inline"
            href="http://test.com"
            rel="noopener noreferrer"
            target="_blank"
          >
            Open
          </a>
        </div>
        <section
          className="ShareSnapshotModal-shareLinkInfo"
        >
          <p
            className="ShareSnapshotModal-loginState"
          >
            Sharing as 
            <strong>
              tacocat
            </strong>
          </p>
        </section>
      </section>
    </section>
    <section
      className="ShareSnapshotModal-manageSnapshots"
    >
      <p>
        Manage your snapshots on
         
        <a
          className="ShareSnapshotModal-tiltCloudLink"
          href="https://cloud.tilt.dev/snapshots"
          rel="noopener noreferrer"
          target="_blank"
        >
          <span>
            Tilt Cloud
          </span>
          <svg>
            arrow.svg
          </svg>
        </a>
      </p>
    </section>
  </div>
</div>
`;

exports[`ShareSnapshotModal renders with modal open w/o known username 1`] = `
<div
  className="ReactModal__Overlay ReactModal__Overlay--after-open"
  onClick={[Function]}
  onMouseDown={[Function]}
  style={
    Object {
      "backgroundColor": "rgba(255, 255, 255, 0.75)",
      "bottom": 0,
      "left": 0,
      "position": "fixed",
      "right": 0,
      "top": 0,
    }
  }
>
  <div
    className="ReactModal__Content ReactModal__Content--after-open ShareSnapshotModal"
    onClick={[Function]}
    onKeyDown={[Function]}
    onMouseDown={[Function]}
    onMouseUp={[Function]}
    role="dialog"
    style={Object {}}
    tabIndex="-1"
  >
    <h2
      className="ShareSnapshotModal-title"
    >
      Share a Shapshot
    </h2>
    <section
      className="ShareSnapshotModal-pane u-flexColumn"
    >
      <p
        className="ShareSnapshotModal-description"
      >
        Get a link to a
         
         snapshot — a browsable, sharable view of the current state of your Tilt session.
      </p>
      <section>
        <div
          className="ShareSnapshotModal-intro"
        >
          <div
            className="u-inlineBlock"
          >
            <img
              alt="hand holding up a copy of the Tilt User Interface"
              className="ShareSnapshotModal-introImage"
              src="share-snapshot-intro.png"
            />
          </div>
          <div
            className="u-inlineBlock ShareSnapshotModal-details"
          >
            <ul
              className="ShareSnapshotModal-detailsList"
            >
              <li>
                Share errors easily
              </li>
              <li>
                Explore logs in-context
              </li>
              <li>
                Work together to figure out the problem
              </li>
            </ul>
            <a
              className="ShareSnapshotModal-docsLink"
              href="https://docs.tilt.dev/snapshots.html"
              rel="noopener noreferrer"
              target="_blank"
            >
              Learn more in our docs
            </a>
          </div>
        </div>
        <div
          className="ShareSnapshotModal-getStarted"
        >
          <p
            className="u-inlineBlock"
          >
            Link Tilt to Tilt Cloud (just takes a minute)
          </p>
          <form
            action="https://cloud.tilt.dev/start_register_token"
            method="POST"
            onSubmit={[Function]}
            target="_blank"
          >
            <input
              name="token"
              type="hidden"
            />
            <input
              className="ShareSnapshotModal-button ShareSnapshotModal-button--cta"
              type="submit"
              value="Get Started"
            />
          </form>
        </div>
      </section>
    </section>
  </div>
</div>
`;

exports[`ShareSnapshotModal renders without snapshotUrl 1`] = `
<div
  className="ReactModal__Overlay ReactModal__Overlay--after-open"
  onClick={[Function]}
  onMouseDown={[Function]}
  style={
    Object {
      "backgroundColor": "rgba(255, 255, 255, 0.75)",
      "bottom": 0,
      "left": 0,
      "position": "fixed",
      "right": 0,
      "top": 0,
    }
  }
>
  <div
    className="ReactModal__Content ReactModal__Content--after-open ShareSnapshotModal"
    onClick={[Function]}
    onKeyDown={[Function]}
    onMouseDown={[Function]}
    onMouseUp={[Function]}
    role="dialog"
    style={Object {}}
    tabIndex="-1"
  >
    <h2
      className="ShareSnapshotModal-title"
    >
      Share a Shapshot
    </h2>
    <section
      className="ShareSnapshotModal-pane u-flexColumn"
    >
      <p
        className="ShareSnapshotModal-description"
      >
        Get a link to a
         
         snapshot — a browsable, sharable view of the current state of your Tilt session.
      </p>
      <section>
        <div
          className="ShareSnapshotModal-intro"
        >
          <div
            className="u-inlineBlock"
          >
            <img
              alt="hand holding up a copy of the Tilt User Interface"
              className="ShareSnapshotModal-introImage"
              src="share-snapshot-intro.png"
            />
          </div>
          <div
            className="u-inlineBlock ShareSnapshotModal-details"
          >
            <ul
              className="ShareSnapshotModal-detailsList"
            >
              <li>
                Share errors easily
              </li>
              <li>
                Explore logs in-context
              </li>
              <li>
                Work together to figure out the problem
              </li>
            </ul>
            <a
              className="ShareSnapshotModal-docsLink"
              href="https://docs.tilt.dev/snapshots.html"
              rel="noopener noreferrer"
              target="_blank"
            >
              Learn more in our docs
            </a>
          </div>
        </div>
        <div
          className="ShareSnapshotModal-getStarted"
        >
          <p
            className="u-inlineBlock"
          >
            Link Tilt to Tilt Cloud (just takes a minute)
          </p>
          <form
            action="https://cloud.tilt.dev/start_register_token"
            method="POST"
            onSubmit={[Function]}
            target="_blank"
          >
            <input
              name="token"
              type="hidden"
            />
            <input
              className="ShareSnapshotModal-button ShareSnapshotModal-button--cta"
              type="submit"
              value="Get Started"
            />
          </form>
        </div>
      </section>
    </section>
  </div>
</div>
`;
